// Jest Snapshot v1, https://goo.gl/fbAQLP

exports[`RootStore constructor should produce valid tree even with empty input object 1`] = `
Object {
  "environment": Object {
    "casOppijaLoginUrlFi": "",
    "casOppijaLoginUrlSv": "",
    "casOppijaLogoutUrlFi": "",
    "casOppijaLogoutUrlSv": "",
    "eperusteetPerusteUrl": "",
    "error": "",
    "isLoading": false,
    "opintopolkuLoginUrlFi": "",
    "opintopolkuLoginUrlSv": "",
    "opintopolkuLogoutUrlFi": "",
    "opintopolkuLogoutUrlSv": "",
    "virkailijaLoginUrl": "",
  },
  "hoks": Object {
    "isLoading": false,
    "suunnitelmat": Array [],
  },
  "isLoading": false,
  "notifications": Object {
    "notifications": Array [],
    "studentFeedbackLinks": Array [],
  },
  "oppilas": Object {
    "isLoading": false,
    "perusteet": Array [],
  },
  "session": Object {
    "error": "",
    "isLoading": false,
    "selectedOrganisationOid": "",
    "settings": Object {
      "hiddenNotifications": Object {
        "notifications": Array [],
      },
      "introDialog": Object {
        "userAcknowledgedIntroDialog": false,
      },
    },
    "user": undefined,
    "userDidLogout": false,
  },
  "shareLinks": Object {},
  "translations": Object {
    "activeLocale": "fi",
    "isLoading": false,
    "translations": Array [],
  },
}
`;
